

============================== 17:42:21.646342 | ab4f2963-ed12-4b87-a958-5b0b0b60310f ==============================
[0m17:42:21.646342 [info ] [MainThread]: Running with dbt=1.12.3
[0m17:42:21.881178 [debug] [MainThread]: running dbt with arguments {'maximum_seed_size_mib': '1', 'no_print': 'None', 'static_parser': 'True', 'target_path': 'None', 'version_check': 'True', 'warn_error_options': 'WarnErrorOptionsV2(error=[], warn=[], silence=[])', 'printer_width': '80', 'write_json': 'True', 'empty': 'None', 'log_cache_events': 'False', 'introspect': 'True', 'cache_selected_only': 'False', 'log_format': 'default', 'debug': 'False', 'fail_fast': 'False', 'partial_parse': 'True', 'send_anonymous_usage_stats': 'False', 'quiet': 'False', 'warn_error': 'None', 'profiles_dir': 'C:\\Users\\Asus\\.dbt', 'invocation_command': 'dbt init', 'hints_enabled': 'True', 'indirect_selection': 'eager', 'use_experimental_parser': 'False', 'use_colors': 'True', 'log_path': 'logs'}
[0m17:43:06.915736 [debug] [MainThread]: Starter project path: E:\AIRFLOW\Airflow_Project\Airline_Booking\.venv\Lib\site-packages\dbt\include\starter_project
[0m17:43:07.459509 [info ] [MainThread]: Setting up your profile.
[0m17:45:54.772554 [debug] [MainThread]: Spark adapter: Setting pyhive.hive logging to ERROR
[0m17:45:54.773317 [debug] [MainThread]: Spark adapter: Setting thrift.transport logging to ERROR
[0m17:45:54.773806 [debug] [MainThread]: Spark adapter: Setting thrift.protocol logging to ERROR
[0m17:50:07.864620 [info ] [MainThread]: Profile airline_booking_project written to C:\Users\Asus\.dbt\profiles.yml using target's profile_template.yml and your supplied values.
[0m17:50:08.159851 [info ] [MainThread]: Running dbt debug to validate the project...
[0m17:50:08.160871 [info ] [MainThread]: dbt version: 1.12.3
[0m17:50:08.161463 [info ] [MainThread]: python version: 3.14.5
[0m17:50:08.161990 [info ] [MainThread]: python path: E:\AIRFLOW\Airflow_Project\Airline_Booking\.venv\Scripts\python.exe
[0m17:50:08.162529 [info ] [MainThread]: os info: Windows-11-10.0.26200-SP0
[0m17:50:08.301336 [info ] [MainThread]: Using profiles dir at C:\Users\Asus\.dbt
[0m17:50:08.302374 [info ] [MainThread]: Using profiles.yml file at C:\Users\Asus\.dbt\profiles.yml
[0m17:50:08.303611 [info ] [MainThread]: Using dbt_project.yml file at E:\AIRFLOW\Airflow_Project\Airline_Booking\airline_booking_project\dbt_project.yml
[0m17:50:08.304342 [info ] [MainThread]: adapter type: databricks
[0m17:50:08.304970 [info ] [MainThread]: adapter version: 1.12.5
[0m17:50:08.500518 [info ] [MainThread]: Configuration:
[0m17:50:08.501279 [info ] [MainThread]:   profiles.yml file [[32mOK found and valid[0m]
[0m17:50:08.501869 [info ] [MainThread]:   dbt_project.yml file [[32mOK found and valid[0m]
[0m17:50:08.502440 [info ] [MainThread]: Required dependencies:
[0m17:50:08.504666 [debug] [MainThread]: Executing "git --help"
[0m17:50:08.625532 [debug] [MainThread]: STDOUT: "b"usage: git [-v | --version] [-h | --help] [-C <path>] [-c <name>=<value>]\n           [--exec-path[=<path>]] [--html-path] [--man-path] [--info-path]\n           [-p | --paginate | -P | --no-pager] [--no-replace-objects] [--bare]\n           [--git-dir=<path>] [--work-tree=<path>] [--namespace=<name>]\n           [--super-prefix=<path>] [--config-env=<name>=<envvar>]\n           <command> [<args>]\n\nThese are common Git commands used in various situations:\n\nstart a working area (see also: git help tutorial)\n   clone     Clone a repository into a new directory\n   init      Create an empty Git repository or reinitialize an existing one\n\nwork on the current change (see also: git help everyday)\n   add       Add file contents to the index\n   mv        Move or rename a file, a directory, or a symlink\n   restore   Restore working tree files\n   rm        Remove files from the working tree and from the index\n\nexamine the history and state (see also: git help revisions)\n   bisect    Use binary search to find the commit that introduced a bug\n   diff      Show changes between commits, commit and working tree, etc\n   grep      Print lines matching a pattern\n   log       Show commit logs\n   show      Show various types of objects\n   status    Show the working tree status\n\ngrow, mark and tweak your common history\n   branch    List, create, or delete branches\n   commit    Record changes to the repository\n   merge     Join two or more development histories together\n   rebase    Reapply commits on top of another base tip\n   reset     Reset current HEAD to the specified state\n   switch    Switch branches\n   tag       Create, list, delete or verify a tag object signed with GPG\n\ncollaborate (see also: git help workflows)\n   fetch     Download objects and refs from another repository\n   pull      Fetch from and integrate with another repository or a local branch\n   push      Update remote refs along with associated objects\n\n'git help -a' and 'git help -g' list available subcommands and some\nconcept guides. See 'git help <command>' or 'git help <concept>'\nto read about a specific subcommand or concept.\nSee 'git help git' for an overview of the system.\n""
[0m17:50:08.626162 [debug] [MainThread]: STDERR: "b''"
[0m17:50:08.626720 [info ] [MainThread]:  - git [[32mOK found[0m]

[0m17:50:08.627335 [info ] [MainThread]: Connection:
[0m17:50:08.627946 [info ] [MainThread]:   host: dbc-0de9192d-83be.cloud.databricks.com
[0m17:50:08.628413 [info ] [MainThread]:   http_path: /sql/1.0/warehouses/14840cf39f14531c
[0m17:50:08.628856 [info ] [MainThread]:   catalog: airflow_project
[0m17:50:08.629286 [info ] [MainThread]:   schema: default
[0m17:50:08.629966 [info ] [MainThread]: Registered adapter: databricks=1.12.5
[0m17:50:09.379309 [debug] [MainThread]: Databricks adapter: DatabricksDBTConnection(session-id=None, name=debug) - Creating connection
[0m17:50:09.379986 [debug] [MainThread]: Acquiring new databricks connection 'debug'
[0m17:50:13.775437 [info ] [MainThread]: Databricks adapter:   SPOG host (host_type='workspace'): no
[0m17:50:13.777622 [info ] [MainThread]: Databricks adapter:   workspace_id (from ?o= in http_path): None
[0m17:50:13.778265 [info ] [MainThread]: Databricks adapter:   databricks-sql-connector version: 4.4.0 (supported)
[0m17:50:13.778765 [info ] [MainThread]: Databricks adapter:   databricks-sdk version: 0.117.0 (supported)
[0m17:50:13.779276 [debug] [MainThread]: Using databricks connection "debug"
[0m17:50:13.779662 [debug] [MainThread]: On debug: select 1 as id
[0m17:50:13.780106 [debug] [MainThread]: Opening a new connection, currently in state init
[0m17:50:19.991743 [debug] [MainThread]: Databricks adapter: Connection(session-id=01f1aab6-7cbf-1cd4-a1c5-caf222073c59) - Created
[0m17:50:32.661489 [debug] [MainThread]: SQL status: OK in 18.880 seconds
[0m17:50:32.665588 [debug] [MainThread]: Databricks adapter: Cursor(session-id=01f1aab6-7cbf-1cd4-a1c5-caf222073c59, command-id=01f1aab6-7e1b-189a-9ad1-23385b43a388) - Closing
[0m17:50:34.244693 [debug] [MainThread]: On debug: Close
[0m17:50:34.245422 [debug] [MainThread]: Databricks adapter: Connection(session-id=01f1aab6-7cbf-1cd4-a1c5-caf222073c59) - Closing
[0m17:50:36.878133 [info ] [MainThread]:   Connection test: [[32mOK connection ok[0m]

[0m17:50:36.878864 [info ] [MainThread]: [32mAll checks passed![0m
[0m17:50:36.879515 [info ] [MainThread]: Your new dbt project "airline_booking_project" was created!
Initialized new project in E:\AIRFLOW\Airflow_Project\Airline_Booking\airline_booking_project\airline_booking_project

For more information on how to configure the profiles.yml file,
please consult the dbt documentation here:

  https://docs.getdbt.com/docs/configure-your-profile

One more thing:

Need help? Don't hesitate to reach out to us via GitHub issues or on Slack:

  https://community.getdbt.com/

Happy modeling!

[0m17:50:36.882447 [debug] [MainThread]: Command `dbt init` succeeded at 17:50:36.881957 after 495.78 seconds
[0m17:50:36.883654 [debug] [MainThread]: Flushing usage events


============================== 17:51:31.099399 | d1e95722-0416-428d-b506-0167943fbc45 ==============================
[0m17:51:31.099399 [info ] [MainThread]: Running with dbt=1.12.3
[0m17:51:31.105122 [debug] [MainThread]: running dbt with arguments {'maximum_seed_size_mib': '1', 'no_print': 'None', 'version_check': 'True', 'target_path': 'None', 'static_parser': 'True', 'warn_error_options': 'WarnErrorOptionsV2(error=[], warn=[], silence=[])', 'printer_width': '80', 'write_json': 'True', 'introspect': 'True', 'log_cache_events': 'False', 'empty': 'None', 'cache_selected_only': 'False', 'fail_fast': 'False', 'debug': 'False', 'log_format': 'default', 'partial_parse': 'True', 'send_anonymous_usage_stats': 'False', 'quiet': 'False', 'warn_error': 'None', 'profiles_dir': 'C:\\Users\\Asus\\.dbt', 'indirect_selection': 'eager', 'hints_enabled': 'True', 'use_colors': 'True', 'use_experimental_parser': 'False', 'invocation_command': 'dbt debug', 'log_path': 'logs'}
[0m17:51:31.128832 [info ] [MainThread]: dbt version: 1.12.3
[0m17:51:31.129431 [info ] [MainThread]: python version: 3.14.5
[0m17:51:31.130102 [info ] [MainThread]: python path: E:\AIRFLOW\Airflow_Project\Airline_Booking\.venv\Scripts\python.exe
[0m17:51:31.130640 [info ] [MainThread]: os info: Windows-11-10.0.26200-SP0
[0m17:51:32.451812 [debug] [MainThread]: Spark adapter: Setting pyhive.hive logging to ERROR
[0m17:51:32.452408 [debug] [MainThread]: Spark adapter: Setting thrift.transport logging to ERROR
[0m17:51:32.452806 [debug] [MainThread]: Spark adapter: Setting thrift.protocol logging to ERROR
[0m17:51:33.426684 [info ] [MainThread]: Using profiles dir at C:\Users\Asus\.dbt
[0m17:51:33.427426 [info ] [MainThread]: Using profiles.yml file at C:\Users\Asus\.dbt\profiles.yml
[0m17:51:33.427967 [info ] [MainThread]: Using dbt_project.yml file at E:\AIRFLOW\Airflow_Project\Airline_Booking\dbt_project.yml
[0m17:51:33.428548 [error] [MainThread]: [[31mERROR[0m]: Encountered an error:
Internal Error
  Profile should not be None if loading profile completed
[0m17:51:33.429962 [debug] [MainThread]: Command `dbt debug` failed at 17:51:33.429819 after 2.66 seconds
[0m17:51:33.430373 [debug] [MainThread]: Flushing usage events


============================== 18:45:36.380894 | d43a0eea-84f3-4e6f-bde5-ae675c01d506 ==============================
[0m18:45:36.380894 [info ] [MainThread]: Running with dbt=1.12.3
[0m18:45:36.432960 [debug] [MainThread]: running dbt with arguments {'static_parser': 'True', 'no_print': 'None', 'maximum_seed_size_mib': '1', 'target_path': 'None', 'warn_error_options': 'WarnErrorOptionsV2(error=[], warn=[], silence=[])', 'version_check': 'True', 'printer_width': '80', 'write_json': 'True', 'introspect': 'True', 'log_cache_events': 'False', 'empty': 'False', 'cache_selected_only': 'False', 'log_format': 'default', 'debug': 'False', 'fail_fast': 'False', 'profiles_dir': 'C:\\Users\\Asus\\.dbt', 'send_anonymous_usage_stats': 'False', 'quiet': 'False', 'warn_error': 'None', 'partial_parse': 'True', 'use_colors': 'True', 'hints_enabled': 'True', 'indirect_selection': 'eager', 'use_experimental_parser': 'False', 'invocation_command': 'dbt snapshot', 'log_path': 'logs'}
[0m18:45:36.435933 [error] [MainThread]: [[31mERROR[0m]: Encountered an error:
Runtime Error
  No dbt_project.yml found at expected path E:\AIRFLOW\Airflow_Project\Airline_Booking\dbt_project.yml
  Verify that each entry within packages.yml (and their transitive dependencies) contains a file named dbt_project.yml
  
[0m18:45:36.438755 [debug] [MainThread]: Command `dbt snapshot` failed at 18:45:36.438458 after 0.53 seconds
[0m18:45:36.439769 [debug] [MainThread]: Flushing usage events
